161.90.170.15 - - [29/Aug/2025:01:48:48 ] "PUT /favicon.ico HTTP/1.1" 404 2101 "http://example.com/contact" "Mozilla/5.0 (X11; Ubuntu; Linux x86_64) Firefox/113.0"
161.90.170.15 - - [29/Aug/2025:00:03:02 ] "PUT /favicon.ico HTTP/1.1" 301 411 "http://example.com/contact" "curl/7.68.0"
203.97.89.211 - - [29/Aug/2025:00:57:56 ] "PUT /favicon.ico HTTP/1.1" 200 2873 "http://example.com/contact" "Mozilla/5.0 (Macintosh; Intel Mac OS X 10_15_7) Safari/605.1.15"
161.90.170.15 - - [29/Aug/2025:00:33:01 ] "GET /products HTTP/1.1" 302 1542 "http://example.com/index.html" "Mozilla/5.0 (X11; Ubuntu; Linux x86_64) Firefox/113.0"
203.97.89.211 - - [29/Aug/2025:00:18:54 ] "POST /products HTTP/1.1" 502 2873 "http://example.com/index.html" "Mozilla/5.0 (Windows NT 10.0; Win64; x64) AppleWebKit/537.36 Chrome/113.0 Safari/537.36"
161.90.170.15 - - [29/Aug/2025:00:08:26 ] "PUT /login HTTP/1.1" 500 2143 "http://example.com/contact" "Mozilla/5.0 (X11; Ubuntu; Linux x86_64) Firefox/113.0"
203.97.89.211 - - [29/Aug/2025:01:28:07 ] "GET /products HTTP/1.1" 200 1453 "http://example.com/api/data" "Mozilla/5.0 (Macintosh; Intel Mac OS X 10_15_7) Safari/605.1.15"
161.90.170.15 - - [29/Aug/2025:00:47:44 ] "GET /login HTTP/1.1" 502 1542 "http://example.com/index.html" "Mozilla/5.0 (Windows NT 10.0; Win64; x64) AppleWebKit/537.36 Chrome/113.0 Safari/537.36"
161.90.170.15 - - [29/Aug/2025:01:05:55 ] "PUT /login HTTP/1.1" 401 2873 "http://example.com/api/data" "curl/7.68.0"
161.90.170.15 - - [29/Aug/2025:01:37:27 ] "GET /login HTTP/1.1" 403 7317 "-" "Mozilla/5.0 (Windows NT 10.0; Win64; x64) AppleWebKit/537.36 Chrome/113.0 Safari/537.36"
203.97.89.211 - - [29/Aug/2025:01:16:07 ] "POST /static/js/app.js HTTP/1.1" 201 3892 "-" "Wget/1.20.3 (linux-gnu)"
161.90.170.15 - - [29/Aug/2025:00:46:59 ] "POST /index.html HTTP/1.1" 400 1934 "http://example.com/contact" "Wget/1.20.3 (linux-gnu)"
203.97.89.211 - - [29/Aug/2025:00:43:45 ] "PUT /api/data HTTP/1.1" 401 2101 "http://example.com/contact" "Wget/1.20.3 (linux-gnu)"
161.90.170.15 - - [29/Aug/2025:00:36:24 ] "POST /login HTTP/1.1" 201 2101 "http://example.com/contact" "Wget/1.20.3 (linux-gnu)"
161.90.170.15 - - [29/Aug/2025:00:27:24 ] "PUT /products HTTP/1.1" 302 4086 "-" "Wget/1.20.3 (linux-gnu)"
161.90.170.15 - - [29/Aug/2025:01:21:08 ] "PUT /login HTTP/1.1" 502 1934 "http://example.com/api/data" "curl/7.68.0"
203.97.89.211 - - [29/Aug/2025:01:27:00 ] "POST /api/data HTTP/1.1" 500 4086 "http://example.com/contact" "curl/7.68.0"
161.90.170.15 - - [29/Aug/2025:00:14:07 ] "GET /favicon.ico HTTP/1.1" 400 411 "http://example.com/contact" "Wget/1.20.3 (linux-gnu)"
203.97.89.211 - - [29/Aug/2025:01:57:28 ] "PUT /products HTTP/1.1" 200 7317 "http://example.com/contact" "Wget/1.20.3 (linux-gnu)"
203.97.89.211 - - [29/Aug/2025:01:22:00 ] "POST /login HTTP/1.1" 502 1453 "-" "Mozilla/5.0 (Macintosh; Intel Mac OS X 10_15_7) Safari/605.1.15"
203.97.89.211 - - [29/Aug/2025:01:24:29 ] "PUT /index.html HTTP/1.1" 500 2418 "http://example.com/api/data" "Mozilla/5.0 (Macintosh; Intel Mac OS X 10_15_7) Safari/605.1.15"
203.97.89.211 - - [29/Aug/2025:00:41:32 ] "POST /products HTTP/1.1" 201 1024 "-" "Mozilla/5.0 (Windows NT 10.0; Win64; x64) AppleWebKit/537.36 Chrome/113.0 Safari/537.36"
161.90.170.15 - - [29/Aug/2025:00:48:02 ] "DELETE /dashboard HTTP/1.1" 500 7317 "-" "Mozilla/5.0 (Macintosh; Intel Mac OS X 10_15_7) Safari/605.1.15"
203.97.89.211 - - [29/Aug/2025:00:21:25 ] "GET /api/data HTTP/1.1" 503 2873 "http://example.com/index.html" "Mozilla/5.0 (Macintosh; Intel Mac OS X 10_15_7) Safari/605.1.15"
161.90.170.15 - - [29/Aug/2025:00:00:54 ] "DELETE /favicon.ico HTTP/1.1" 502 1542 "http://example.com/api/data" "Mozilla/5.0 (X11; Ubuntu; Linux x86_64) Firefox/113.0"
161.90.170.15 - - [29/Aug/2025:00:06:50 ] "GET /index.html HTTP/1.1" 302 2803 "http://example.com/api/data" "curl/7.68.0"
161.90.170.15 - - [29/Aug/2025:00:17:13 ] "GET /dashboard HTTP/1.1" 400 532 "-" "Mozilla/5.0 (Macintosh; Intel Mac OS X 10_15_7) Safari/605.1.15"
203.97.89.211 - - [29/Aug/2025:01:18:21 ] "DELETE /dashboard HTTP/1.1" 302 411 "http://example.com/contact" "Wget/1.20.3 (linux-gnu)"
203.97.89.211 - - [29/Aug/2025:00:08:22 ] "PUT /login HTTP/1.1" 301 1989 "http://example.com/api/data" "Mozilla/5.0 (X11; Ubuntu; Linux x86_64) Firefox/113.0"
203.97.89.211 - - [29/Aug/2025:00:58:47 ] "POST /products HTTP/1.1" 403 1989 "http://example.com/api/data" "Wget/1.20.3 (linux-gnu)"
161.90.170.15 - - [29/Aug/2025:01:32:02 ] "GET /api/data HTTP/1.1" 502 2101 "-" "Mozilla/5.0 (Windows NT 10.0; Win64; x64) AppleWebKit/537.36 Chrome/113.0 Safari/537.36"
203.97.89.211 - - [29/Aug/2025:00:46:12 ] "GET /login HTTP/1.1" 403 1221 "http://example.com/api/data" "Wget/1.20.3 (linux-gnu)"
161.90.170.15 - - [29/Aug/2025:00:22:03 ] "DELETE /login HTTP/1.1" 503 4086 "http://example.com/contact" "Wget/1.20.3 (linux-gnu)"
203.97.89.211 - - [29/Aug/2025:01:48:18 ] "PUT /index.html HTTP/1.1" 502 1989 "http://example.com/contact" "Wget/1.20.3 (linux-gnu)"
161.90.170.15 - - [29/Aug/2025:00:30:48 ] "DELETE /favicon.ico HTTP/1.1" 200 1024 "http://example.com/api/data" "Wget/1.20.3 (linux-gnu)"
203.97.89.211 - - [29/Aug/2025:00:25:54 ] "GET /favicon.ico HTTP/1.1" 201 2143 "-" "curl/7.68.0"
203.97.89.211 - - [29/Aug/2025:01:41:41 ] "PUT /products HTTP/1.1" 502 3892 "http://example.com/api/data" "curl/7.68.0"
161.90.170.15 - - [29/Aug/2025:01:03:33 ] "GET /dashboard HTTP/1.1" 500 1453 "http://example.com/api/data" "curl/7.68.0"
203.97.89.211 - - [29/Aug/2025:01:52:02 ] "POST /dashboard HTTP/1.1" 302 2022 "http://example.com/index.html" "Mozilla/5.0 (X11; Ubuntu; Linux x86_64) Firefox/113.0"
203.97.89.211 - - [29/Aug/2025:01:51:57 ] "GET /favicon.ico HTTP/1.1" 301 411 "-" "Mozilla/5.0 (Macintosh; Intel Mac OS X 10_15_7) Safari/605.1.15"
161.90.170.15 - - [29/Aug/2025:00:59:52 ] "DELETE /index.html HTTP/1.1" 503 3892 "http://example.com/index.html" "curl/7.68.0"
203.97.89.211 - - [29/Aug/2025:01:24:34 ] "DELETE /favicon.ico HTTP/1.1" 403 1221 "-" "curl/7.68.0"
203.97.89.211 - - [29/Aug/2025:00:15:14 ] "PUT /static/js/app.js HTTP/1.1" 502 411 "-" "Mozilla/5.0 (Windows NT 10.0; Win64; x64) AppleWebKit/537.36 Chrome/113.0 Safari/537.36"
161.90.170.15 - - [29/Aug/2025:01:43:36 ] "GET /api/data HTTP/1.1" 302 1542 "http://example.com/contact" "Wget/1.20.3 (linux-gnu)"
203.97.89.211 - - [29/Aug/2025:00:45:35 ] "GET /favicon.ico HTTP/1.1" 404 1024 "http://example.com/contact" "curl/7.68.0"
203.97.89.211 - - [29/Aug/2025:00:52:43 ] "GET /login HTTP/1.1" 503 781 "http://example.com/contact" "curl/7.68.0"
161.90.170.15 - - [29/Aug/2025:00:23:20 ] "POST /index.html HTTP/1.1" 200 1453 "-" "Mozilla/5.0 (Windows NT 10.0; Win64; x64) AppleWebKit/537.36 Chrome/113.0 Safari/537.36"
203.97.89.211 - - [29/Aug/2025:01:52:26 ] "DELETE /static/js/app.js HTTP/1.1" 201 1453 "http://example.com/contact" "Mozilla/5.0 (Windows NT 10.0; Win64; x64) AppleWebKit/537.36 Chrome/113.0 Safari/537.36"
161.90.170.15 - - [29/Aug/2025:00:24:28 ] "PUT /favicon.ico HTTP/1.1" 403 7317 "http://example.com/api/data" "Mozilla/5.0 (X11; Ubuntu; Linux x86_64) Firefox/113.0"
203.97.89.211 - - [29/Aug/2025:00:04:22 ] "POST /static/js/app.js HTTP/1.1" 400 1989 "-" "Wget/1.20.3 (linux-gnu)"
203.97.89.211 - - [29/Aug/2025:01:55:46 ] "DELETE /index.html HTTP/1.1" 301 781 "http://example.com/contact" "Mozilla/5.0 (Macintosh; Intel Mac OS X 10_15_7) Safari/605.1.15"
203.97.89.211 - - [29/Aug/2025:00:03:16 ] "DELETE /dashboard HTTP/1.1" 201 1989 "-" "Mozilla/5.0 (Macintosh; Intel Mac OS X 10_15_7) Safari/605.1.15"
203.97.89.211 - - [29/Aug/2025:00:28:14 ] "GET /index.html HTTP/1.1" 200 1934 "-" "Mozilla/5.0 (Windows NT 10.0; Win64; x64) AppleWebKit/537.36 Chrome/113.0 Safari/537.36"
203.97.89.211 - - [29/Aug/2025:00:43:36 ] "PUT /api/data HTTP/1.1" 404 2143 "http://example.com/contact" "curl/7.68.0"
203.97.89.211 - - [29/Aug/2025:00:43:02 ] "POST /login HTTP/1.1" 401 2143 "http://example.com/contact" "Mozilla/5.0 (Windows NT 10.0; Win64; x64) AppleWebKit/537.36 Chrome/113.0 Safari/537.36"
203.97.89.211 - - [29/Aug/2025:01:02:10 ] "PUT /api/data HTTP/1.1" 404 2101 "http://example.com/contact" "Mozilla/5.0 (Windows NT 10.0; Win64; x64) AppleWebKit/537.36 Chrome/113.0 Safari/537.36"
203.97.89.211 - - [29/Aug/2025:01:18:43 ] "PUT /static/js/app.js HTTP/1.1" 502 2101 "http://example.com/index.html" "Mozilla/5.0 (Macintosh; Intel Mac OS X 10_15_7) Safari/605.1.15"
161.90.170.15 - - [29/Aug/2025:00:16:42 ] "POST /index.html HTTP/1.1" 301 1024 "-" "curl/7.68.0"
203.97.89.211 - - [29/Aug/2025:00:59:59 ] "PUT /static/js/app.js HTTP/1.1" 403 3892 "http://example.com/api/data" "curl/7.68.0"
161.90.170.15 - - [29/Aug/2025:00:18:34 ] "GET /dashboard HTTP/1.1" 500 1989 "http://example.com/index.html" "curl/7.68.0"
203.97.89.211 - - [29/Aug/2025:00:47:56 ] "PUT /api/data HTTP/1.1" 302 532 "http://example.com/api/data" "curl/7.68.0"
203.97.89.211 - - [29/Aug/2025:01:17:48 ] "POST /favicon.ico HTTP/1.1" 403 7317 "http://example.com/index.html" "Mozilla/5.0 (Macintosh; Intel Mac OS X 10_15_7) Safari/605.1.15"
203.97.89.211 - - [29/Aug/2025:00:40:12 ] "DELETE /index.html HTTP/1.1" 503 1989 "http://example.com/api/data" "Mozilla/5.0 (Windows NT 10.0; Win64; x64) AppleWebKit/537.36 Chrome/113.0 Safari/537.36"
161.90.170.15 - - [29/Aug/2025:01:19:15 ] "GET /static/js/app.js HTTP/1.1" 401 532 "http://example.com/api/data" "Mozilla/5.0 (Windows NT 10.0; Win64; x64) AppleWebKit/537.36 Chrome/113.0 Safari/537.36"
161.90.170.15 - - [29/Aug/2025:01:56:56 ] "DELETE /login HTTP/1.1" 401 2101 "-" "Wget/1.20.3 (linux-gnu)"
161.90.170.15 - - [29/Aug/2025:01:07:40 ] "POST /products HTTP/1.1" 404 1453 "http://example.com/contact" "curl/7.68.0"
203.97.89.211 - - [29/Aug/2025:00:31:15 ] "PUT /favicon.ico HTTP/1.1" 500 2418 "-" "curl/7.68.0"
203.97.89.211 - - [29/Aug/2025:01:43:34 ] "POST /login HTTP/1.1" 200 532 "http://example.com/api/data" "Wget/1.20.3 (linux-gnu)"
203.97.89.211 - - [29/Aug/2025:01:08:59 ] "GET /index.html HTTP/1.1" 502 2418 "http://example.com/index.html" "curl/7.68.0"
203.97.89.211 - - [29/Aug/2025:01:01:52 ] "DELETE /static/js/app.js HTTP/1.1" 502 1542 "http://example.com/index.html" "Mozilla/5.0 (X11; Ubuntu; Linux x86_64) Firefox/113.0"
203.97.89.211 - - [29/Aug/2025:01:29:43 ] "GET /products HTTP/1.1" 302 2418 "http://example.com/index.html" "Mozilla/5.0 (Windows NT 10.0; Win64; x64) AppleWebKit/537.36 Chrome/113.0 Safari/537.36"
203.97.89.211 - - [29/Aug/2025:00:35:53 ] "DELETE /products HTTP/1.1" 503 1542 "http://example.com/index.html" "curl/7.68.0"
203.97.89.211 - - [29/Aug/2025:01:46:27 ] "GET /login HTTP/1.1" 502 1453 "http://example.com/api/data" "Mozilla/5.0 (X11; Ubuntu; Linux x86_64) Firefox/113.0"
161.90.170.15 - - [29/Aug/2025:00:18:14 ] "DELETE /static/js/app.js HTTP/1.1" 301 1934 "http://example.com/index.html" "Mozilla/5.0 (Windows NT 10.0; Win64; x64) AppleWebKit/537.36 Chrome/113.0 Safari/537.36"
161.90.170.15 - - [29/Aug/2025:00:11:34 ] "GET /login HTTP/1.1" 200 2101 "http://example.com/contact" "curl/7.68.0"
203.97.89.211 - - [29/Aug/2025:01:12:50 ] "GET /products HTTP/1.1" 401 4086 "http://example.com/index.html" "Mozilla/5.0 (Windows NT 10.0; Win64; x64) AppleWebKit/537.36 Chrome/113.0 Safari/537.36"
161.90.170.15 - - [29/Aug/2025:00:39:11 ] "GET /favicon.ico HTTP/1.1" 403 2143 "http://example.com/index.html" "Wget/1.20.3 (linux-gnu)"
203.97.89.211 - - [29/Aug/2025:01:35:19 ] "DELETE /dashboard HTTP/1.1" 403 2101 "http://example.com/api/data" "Wget/1.20.3 (linux-gnu)"
203.97.89.211 - - [29/Aug/2025:01:00:58 ] "PUT /dashboard HTTP/1.1" 502 2022 "http://example.com/contact" "Mozilla/5.0 (X11; Ubuntu; Linux x86_64) Firefox/113.0"
161.90.170.15 - - [29/Aug/2025:00:49:25 ] "DELETE /products HTTP/1.1" 201 1989 "-" "Mozilla/5.0 (X11; Ubuntu; Linux x86_64) Firefox/113.0"
161.90.170.15 - - [29/Aug/2025:01:04:58 ] "DELETE /index.html HTTP/1.1" 302 411 "http://example.com/index.html" "curl/7.68.0"
203.97.89.211 - - [29/Aug/2025:01:00:06 ] "POST /static/js/app.js HTTP/1.1" 500 411 "http://example.com/contact" "Mozilla/5.0 (X11; Ubuntu; Linux x86_64) Firefox/113.0"
161.90.170.15 - - [29/Aug/2025:00:39:19 ] "POST /index.html HTTP/1.1" 404 781 "-" "Mozilla/5.0 (Macintosh; Intel Mac OS X 10_15_7) Safari/605.1.15"
161.90.170.15 - - [29/Aug/2025:00:55:19 ] "PUT /dashboard HTTP/1.1" 302 532 "-" "curl/7.68.0"
161.90.170.15 - - [29/Aug/2025:01:30:50 ] "GET /dashboard HTTP/1.1" 301 3892 "http://example.com/index.html" "Mozilla/5.0 (Macintosh; Intel Mac OS X 10_15_7) Safari/605.1.15"
203.97.89.211 - - [29/Aug/2025:01:21:10 ] "PUT /dashboard HTTP/1.1" 200 532 "http://example.com/index.html" "curl/7.68.0"
161.90.170.15 - - [29/Aug/2025:00:34:23 ] "DELETE /login HTTP/1.1" 503 2022 "-" "Wget/1.20.3 (linux-gnu)"
203.97.89.211 - - [29/Aug/2025:00:28:45 ] "POST /dashboard HTTP/1.1" 503 1221 "-" "Mozilla/5.0 (Macintosh; Intel Mac OS X 10_15_7) Safari/605.1.15"
203.97.89.211 - - [29/Aug/2025:00:30:11 ] "DELETE /static/js/app.js HTTP/1.1" 401 2022 "http://example.com/contact" "Mozilla/5.0 (Windows NT 10.0; Win64; x64) AppleWebKit/537.36 Chrome/113.0 Safari/537.36"
203.97.89.211 - - [29/Aug/2025:00:24:57 ] "PUT /login HTTP/1.1" 201 2022 "http://example.com/index.html" "Mozilla/5.0 (Macintosh; Intel Mac OS X 10_15_7) Safari/605.1.15"
203.97.89.211 - - [29/Aug/2025:01:00:58 ] "POST /products HTTP/1.1" 302 2195 "-" "curl/7.68.0"
203.97.89.211 - - [29/Aug/2025:00:18:57 ] "PUT /api/data HTTP/1.1" 201 1989 "http://example.com/contact" "Mozilla/5.0 (Macintosh; Intel Mac OS X 10_15_7) Safari/605.1.15"
203.97.89.211 - - [29/Aug/2025:00:42:28 ] "PUT /api/data HTTP/1.1" 403 7317 "http://example.com/index.html" "Mozilla/5.0 (X11; Ubuntu; Linux x86_64) Firefox/113.0"
161.90.170.15 - - [29/Aug/2025:01:11:43 ] "PUT /products HTTP/1.1" 404 2143 "http://example.com/api/data" "Mozilla/5.0 (Macintosh; Intel Mac OS X 10_15_7) Safari/605.1.15"
203.97.89.211 - - [29/Aug/2025:01:54:44 ] "DELETE /favicon.ico HTTP/1.1" 302 1024 "http://example.com/api/data" "Mozilla/5.0 (X11; Ubuntu; Linux x86_64) Firefox/113.0"
203.97.89.211 - - [29/Aug/2025:01:08:46 ] "DELETE /login HTTP/1.1" 301 1542 "http://example.com/contact" "Mozilla/5.0 (X11; Ubuntu; Linux x86_64) Firefox/113.0"
203.97.89.211 - - [29/Aug/2025:01:44:48 ] "POST /products HTTP/1.1" 403 2143 "http://example.com/contact" "Mozilla/5.0 (Windows NT 10.0; Win64; x64) AppleWebKit/537.36 Chrome/113.0 Safari/537.36"
203.97.89.211 - - [29/Aug/2025:01:37:53 ] "GET /dashboard HTTP/1.1" 503 2022 "-" "Mozilla/5.0 (Macintosh; Intel Mac OS X 10_15_7) Safari/605.1.15"
161.90.170.15 - - [29/Aug/2025:01:43:37 ] "PUT /products HTTP/1.1" 302 532 "http://example.com/api/data" "Mozilla/5.0 (Windows NT 10.0; Win64; x64) AppleWebKit/537.36 Chrome/113.0 Safari/537.36"
203.97.89.211 - - [29/Aug/2025:00:57:37 ] "DELETE /index.html HTTP/1.1" 503 532 "http://example.com/api/data" "curl/7.68.0"